---
source: tests/lexer_snapshots.rs
expression: tokenized
---
Ok(
    [
        SpannedToken {
            kind: Comment(
                " This is a full-line comment",
            ),
            line: 1,
            col: 30,
        },
        SpannedToken {
            kind: NewLine,
            line: 2,
            col: 1,
        },
        SpannedToken {
            kind: LBracket,
            line: 2,
            col: 1,
        },
        SpannedToken {
            kind: Identifier(
                "root",
            ),
            line: 2,
            col: 2,
        },
        SpannedToken {
            kind: RBracket,
            line: 2,
            col: 6,
        },
        SpannedToken {
            kind: NewLine,
            line: 3,
            col: 1,
        },
        SpannedToken {
            kind: Identifier(
                "array",
            ),
            line: 3,
            col: 1,
        },
        SpannedToken {
            kind: Equal,
            line: 3,
            col: 7,
        },
        SpannedToken {
            kind: LBracket,
            line: 3,
            col: 9,
        },
        SpannedToken {
            kind: StringLit(
                "string",
            ),
            line: 3,
            col: 10,
        },
        SpannedToken {
            kind: Comma,
            line: 3,
            col: 18,
        },
        SpannedToken {
            kind: Boolean(
                true,
            ),
            line: 3,
            col: 19,
        },
        SpannedToken {
            kind: Comma,
            line: 3,
            col: 23,
        },
        SpannedToken {
            kind: Boolean(
                false,
            ),
            line: 3,
            col: 24,
        },
        SpannedToken {
            kind: RBracket,
            line: 3,
            col: 29,
        },
        SpannedToken {
            kind: NewLine,
            line: 4,
            col: 1,
        },
        SpannedToken {
            kind: Identifier(
                "braces",
            ),
            line: 4,
            col: 1,
        },
        SpannedToken {
            kind: Equal,
            line: 4,
            col: 8,
        },
        SpannedToken {
            kind: LBrace,
            line: 4,
            col: 10,
        },
        SpannedToken {
            kind: RBrace,
            line: 4,
            col: 11,
        },
        SpannedToken {
            kind: NewLine,
            line: 5,
            col: 1,
        },
        SpannedToken {
            kind: Identifier(
                "integer",
            ),
            line: 5,
            col: 1,
        },
        SpannedToken {
            kind: Equal,
            line: 5,
            col: 9,
        },
        SpannedToken {
            kind: Integer(
                -100,
            ),
            line: 5,
            col: 11,
        },
        SpannedToken {
            kind: NewLine,
            line: 6,
            col: 1,
        },
        SpannedToken {
            kind: Identifier(
                "float",
            ),
            line: 6,
            col: 1,
        },
        SpannedToken {
            kind: Equal,
            line: 6,
            col: 7,
        },
        SpannedToken {
            kind: Float(
                3.14,
            ),
            line: 6,
            col: 9,
        },
        SpannedToken {
            kind: NewLine,
            line: 7,
            col: 1,
        },
        SpannedToken {
            kind: Identifier(
                "boolean",
            ),
            line: 7,
            col: 1,
        },
        SpannedToken {
            kind: Equal,
            line: 7,
            col: 9,
        },
        SpannedToken {
            kind: Boolean(
                true,
            ),
            line: 7,
            col: 11,
        },
        SpannedToken {
            kind: NewLine,
            line: 8,
            col: 1,
        },
        SpannedToken {
            kind: NewLine,
            line: 9,
            col: 1,
        },
        SpannedToken {
            kind: LBracket,
            line: 9,
            col: 1,
        },
        SpannedToken {
            kind: Identifier(
                "root",
            ),
            line: 9,
            col: 2,
        },
        SpannedToken {
            kind: Dot,
            line: 9,
            col: 6,
        },
        SpannedToken {
            kind: Identifier(
                "multilinestrings",
            ),
            line: 9,
            col: 7,
        },
        SpannedToken {
            kind: RBracket,
            line: 9,
            col: 23,
        },
        SpannedToken {
            kind: NewLine,
            line: 10,
            col: 1,
        },
        SpannedToken {
            kind: Identifier(
                "string1",
            ),
            line: 10,
            col: 1,
        },
        SpannedToken {
            kind: Equal,
            line: 10,
            col: 9,
        },
        SpannedToken {
            kind: StringLit(
                "This is a multiline literal \\n\\t\\r\n\"Good literal it is\" \\\"   ><\n\nNice string\n",
            ),
            line: 10,
            col: 11,
        },
        SpannedToken {
            kind: NewLine,
            line: 16,
            col: 1,
        },
        SpannedToken {
            kind: Identifier(
                "string2",
            ),
            line: 16,
            col: 1,
        },
        SpannedToken {
            kind: Equal,
            line: 16,
            col: 9,
        },
        SpannedToken {
            kind: StringLit(
                "This is a multinine\nReally a multine string\n\nNice string\n",
            ),
            line: 16,
            col: 11,
        },
        SpannedToken {
            kind: NewLine,
            line: 22,
            col: 1,
        },
        SpannedToken {
            kind: NewLine,
            line: 23,
            col: 1,
        },
        SpannedToken {
            kind: LBracket,
            line: 23,
            col: 1,
        },
        SpannedToken {
            kind: Identifier(
                "root",
            ),
            line: 23,
            col: 2,
        },
        SpannedToken {
            kind: Dot,
            line: 23,
            col: 6,
        },
        SpannedToken {
            kind: Identifier(
                "singlelinestrings",
            ),
            line: 23,
            col: 7,
        },
        SpannedToken {
            kind: RBracket,
            line: 23,
            col: 24,
        },
        SpannedToken {
            kind: NewLine,
            line: 24,
            col: 1,
        },
        SpannedToken {
            kind: Identifier(
                "string1",
            ),
            line: 24,
            col: 1,
        },
        SpannedToken {
            kind: Equal,
            line: 24,
            col: 9,
        },
        SpannedToken {
            kind: StringLit(
                "single line string \t single line string",
            ),
            line: 24,
            col: 11,
        },
        SpannedToken {
            kind: NewLine,
            line: 25,
            col: 1,
        },
        SpannedToken {
            kind: Identifier(
                "string2",
            ),
            line: 25,
            col: 1,
        },
        SpannedToken {
            kind: Equal,
            line: 25,
            col: 9,
        },
        SpannedToken {
            kind: StringLit(
                "single line literal \\n single line literal",
            ),
            line: 25,
            col: 11,
        },
        SpannedToken {
            kind: NewLine,
            line: 26,
            col: 1,
        },
        SpannedToken {
            kind: NewLine,
            line: 27,
            col: 1,
        },
        SpannedToken {
            kind: LBracket,
            line: 27,
            col: 1,
        },
        SpannedToken {
            kind: Identifier(
                "root",
            ),
            line: 27,
            col: 2,
        },
        SpannedToken {
            kind: Dot,
            line: 27,
            col: 6,
        },
        SpannedToken {
            kind: Identifier(
                "numbers",
            ),
            line: 27,
            col: 7,
        },
        SpannedToken {
            kind: Dot,
            line: 27,
            col: 14,
        },
        SpannedToken {
            kind: Identifier(
                "floats",
            ),
            line: 27,
            col: 15,
        },
        SpannedToken {
            kind: Dot,
            line: 27,
            col: 21,
        },
        SpannedToken {
            kind: Identifier(
                "special",
            ),
            line: 27,
            col: 22,
        },
        SpannedToken {
            kind: RBracket,
            line: 27,
            col: 29,
        },
        SpannedToken {
            kind: NewLine,
            line: 28,
            col: 1,
        },
        SpannedToken {
            kind: Identifier(
                "float1",
            ),
            line: 28,
            col: 1,
        },
        SpannedToken {
            kind: Equal,
            line: 28,
            col: 8,
        },
        SpannedToken {
            kind: Float(
                NaN,
            ),
            line: 28,
            col: 10,
        },
        SpannedToken {
            kind: NewLine,
            line: 29,
            col: 1,
        },
        SpannedToken {
            kind: Identifier(
                "float2",
            ),
            line: 29,
            col: 1,
        },
        SpannedToken {
            kind: Equal,
            line: 29,
            col: 8,
        },
        SpannedToken {
            kind: Float(
                NaN,
            ),
            line: 29,
            col: 10,
        },
        SpannedToken {
            kind: NewLine,
            line: 30,
            col: 1,
        },
        SpannedToken {
            kind: Identifier(
                "float3",
            ),
            line: 30,
            col: 1,
        },
        SpannedToken {
            kind: Equal,
            line: 30,
            col: 8,
        },
        SpannedToken {
            kind: Float(
                NaN,
            ),
            line: 30,
            col: 10,
        },
        SpannedToken {
            kind: NewLine,
            line: 31,
            col: 1,
        },
        SpannedToken {
            kind: Identifier(
                "float4",
            ),
            line: 31,
            col: 1,
        },
        SpannedToken {
            kind: Equal,
            line: 31,
            col: 8,
        },
        SpannedToken {
            kind: Float(
                inf,
            ),
            line: 31,
            col: 10,
        },
        SpannedToken {
            kind: NewLine,
            line: 32,
            col: 1,
        },
        SpannedToken {
            kind: Identifier(
                "float5",
            ),
            line: 32,
            col: 1,
        },
        SpannedToken {
            kind: Equal,
            line: 32,
            col: 8,
        },
        SpannedToken {
            kind: Float(
                inf,
            ),
            line: 32,
            col: 10,
        },
        SpannedToken {
            kind: NewLine,
            line: 33,
            col: 1,
        },
        SpannedToken {
            kind: Identifier(
                "float6",
            ),
            line: 33,
            col: 1,
        },
        SpannedToken {
            kind: Equal,
            line: 33,
            col: 8,
        },
        SpannedToken {
            kind: Float(
                -inf,
            ),
            line: 33,
            col: 10,
        },
        SpannedToken {
            kind: NewLine,
            line: 34,
            col: 1,
        },
        SpannedToken {
            kind: Identifier(
                "float7",
            ),
            line: 34,
            col: 1,
        },
        SpannedToken {
            kind: Equal,
            line: 34,
            col: 8,
        },
        SpannedToken {
            kind: LBracket,
            line: 34,
            col: 10,
        },
        SpannedToken {
            kind: Float(
                NaN,
            ),
            line: 34,
            col: 11,
        },
        SpannedToken {
            kind: Comma,
            line: 34,
            col: 14,
        },
        SpannedToken {
            kind: Float(
                NaN,
            ),
            line: 34,
            col: 15,
        },
        SpannedToken {
            kind: Comma,
            line: 34,
            col: 19,
        },
        SpannedToken {
            kind: Float(
                NaN,
            ),
            line: 34,
            col: 20,
        },
        SpannedToken {
            kind: RBracket,
            line: 34,
            col: 24,
        },
        SpannedToken {
            kind: NewLine,
            line: 35,
            col: 1,
        },
        SpannedToken {
            kind: Identifier(
                "float8",
            ),
            line: 35,
            col: 1,
        },
        SpannedToken {
            kind: Equal,
            line: 35,
            col: 8,
        },
        SpannedToken {
            kind: LBracket,
            line: 35,
            col: 10,
        },
        SpannedToken {
            kind: LBracket,
            line: 35,
            col: 11,
        },
        SpannedToken {
            kind: Float(
                NaN,
            ),
            line: 35,
            col: 12,
        },
        SpannedToken {
            kind: Comma,
            line: 35,
            col: 15,
        },
        SpannedToken {
            kind: Float(
                NaN,
            ),
            line: 35,
            col: 16,
        },
        SpannedToken {
            kind: Comma,
            line: 35,
            col: 20,
        },
        SpannedToken {
            kind: Float(
                NaN,
            ),
            line: 35,
            col: 21,
        },
        SpannedToken {
            kind: RBracket,
            line: 35,
            col: 25,
        },
        SpannedToken {
            kind: Comma,
            line: 35,
            col: 26,
        },
        SpannedToken {
            kind: LBracket,
            line: 35,
            col: 27,
        },
        SpannedToken {
            kind: Float(
                inf,
            ),
            line: 35,
            col: 28,
        },
        SpannedToken {
            kind: Comma,
            line: 35,
            col: 31,
        },
        SpannedToken {
            kind: Float(
                -inf,
            ),
            line: 35,
            col: 32,
        },
        SpannedToken {
            kind: Comma,
            line: 35,
            col: 36,
        },
        SpannedToken {
            kind: Float(
                inf,
            ),
            line: 35,
            col: 37,
        },
        SpannedToken {
            kind: RBracket,
            line: 35,
            col: 41,
        },
        SpannedToken {
            kind: RBracket,
            line: 35,
            col: 42,
        },
        SpannedToken {
            kind: NewLine,
            line: 36,
            col: 1,
        },
        SpannedToken {
            kind: NewLine,
            line: 37,
            col: 1,
        },
        SpannedToken {
            kind: LBracket,
            line: 37,
            col: 1,
        },
        SpannedToken {
            kind: Identifier(
                "root",
            ),
            line: 37,
            col: 2,
        },
        SpannedToken {
            kind: Dot,
            line: 37,
            col: 6,
        },
        SpannedToken {
            kind: Identifier(
                "numbers",
            ),
            line: 37,
            col: 7,
        },
        SpannedToken {
            kind: Dot,
            line: 37,
            col: 14,
        },
        SpannedToken {
            kind: Identifier(
                "floats",
            ),
            line: 37,
            col: 15,
        },
        SpannedToken {
            kind: Dot,
            line: 37,
            col: 21,
        },
        SpannedToken {
            kind: Identifier(
                "normal",
            ),
            line: 37,
            col: 22,
        },
        SpannedToken {
            kind: RBracket,
            line: 37,
            col: 28,
        },
        SpannedToken {
            kind: NewLine,
            line: 38,
            col: 1,
        },
        SpannedToken {
            kind: Identifier(
                "float1",
            ),
            line: 38,
            col: 1,
        },
        SpannedToken {
            kind: Equal,
            line: 38,
            col: 8,
        },
        SpannedToken {
            kind: Float(
                3.1415,
            ),
            line: 38,
            col: 10,
        },
        SpannedToken {
            kind: NewLine,
            line: 39,
            col: 1,
        },
        SpannedToken {
            kind: Identifier(
                "float2",
            ),
            line: 39,
            col: 1,
        },
        SpannedToken {
            kind: Equal,
            line: 39,
            col: 8,
        },
        SpannedToken {
            kind: Float(
                -5.986,
            ),
            line: 39,
            col: 10,
        },
        SpannedToken {
            kind: NewLine,
            line: 40,
            col: 1,
        },
        SpannedToken {
            kind: Identifier(
                "float3",
            ),
            line: 40,
            col: 1,
        },
        SpannedToken {
            kind: Equal,
            line: 40,
            col: 8,
        },
        SpannedToken {
            kind: Float(
                14171173.11731417,
            ),
            line: 40,
            col: 10,
        },
        SpannedToken {
            kind: NewLine,
            line: 41,
            col: 1,
        },
        SpannedToken {
            kind: NewLine,
            line: 42,
            col: 1,
        },
        SpannedToken {
            kind: LBracket,
            line: 42,
            col: 1,
        },
        SpannedToken {
            kind: Identifier(
                "root",
            ),
            line: 42,
            col: 2,
        },
        SpannedToken {
            kind: Dot,
            line: 42,
            col: 6,
        },
        SpannedToken {
            kind: Identifier(
                "numbers",
            ),
            line: 42,
            col: 7,
        },
        SpannedToken {
            kind: Dot,
            line: 42,
            col: 14,
        },
        SpannedToken {
            kind: Identifier(
                "floats",
            ),
            line: 42,
            col: 15,
        },
        SpannedToken {
            kind: Dot,
            line: 42,
            col: 21,
        },
        SpannedToken {
            kind: Identifier(
                "scientific",
            ),
            line: 42,
            col: 22,
        },
        SpannedToken {
            kind: RBracket,
            line: 42,
            col: 32,
        },
        SpannedToken {
            kind: NewLine,
            line: 43,
            col: 1,
        },
        SpannedToken {
            kind: Identifier(
                "float1",
            ),
            line: 43,
            col: 1,
        },
        SpannedToken {
            kind: Equal,
            line: 43,
            col: 8,
        },
        SpannedToken {
            kind: Float(
                6.6e23,
            ),
            line: 43,
            col: 10,
        },
        SpannedToken {
            kind: NewLine,
            line: 44,
            col: 1,
        },
        SpannedToken {
            kind: Identifier(
                "float2",
            ),
            line: 44,
            col: 1,
        },
        SpannedToken {
            kind: Equal,
            line: 44,
            col: 8,
        },
        SpannedToken {
            kind: Float(
                -6.6e23,
            ),
            line: 44,
            col: 10,
        },
        SpannedToken {
            kind: NewLine,
            line: 45,
            col: 1,
        },
        SpannedToken {
            kind: Identifier(
                "float3",
            ),
            line: 45,
            col: 1,
        },
        SpannedToken {
            kind: Equal,
            line: 45,
            col: 8,
        },
        SpannedToken {
            kind: Float(
                6.6e23,
            ),
            line: 45,
            col: 10,
        },
        SpannedToken {
            kind: NewLine,
            line: 46,
            col: 1,
        },
        SpannedToken {
            kind: Identifier(
                "float4",
            ),
            line: 46,
            col: 1,
        },
        SpannedToken {
            kind: Equal,
            line: 46,
            col: 8,
        },
        SpannedToken {
            kind: Float(
                6.6e-23,
            ),
            line: 46,
            col: 10,
        },
        SpannedToken {
            kind: NewLine,
            line: 47,
            col: 1,
        },
        SpannedToken {
            kind: Identifier(
                "float5",
            ),
            line: 47,
            col: 1,
        },
        SpannedToken {
            kind: Equal,
            line: 47,
            col: 8,
        },
        SpannedToken {
            kind: Float(
                6.6e23,
            ),
            line: 47,
            col: 10,
        },
        SpannedToken {
            kind: NewLine,
            line: 48,
            col: 1,
        },
        SpannedToken {
            kind: NewLine,
            line: 49,
            col: 1,
        },
        SpannedToken {
            kind: LBracket,
            line: 49,
            col: 1,
        },
        SpannedToken {
            kind: Identifier(
                "root",
            ),
            line: 49,
            col: 2,
        },
        SpannedToken {
            kind: Dot,
            line: 49,
            col: 6,
        },
        SpannedToken {
            kind: Identifier(
                "numbers",
            ),
            line: 49,
            col: 7,
        },
        SpannedToken {
            kind: Dot,
            line: 49,
            col: 14,
        },
        SpannedToken {
            kind: Identifier(
                "integer",
            ),
            line: 49,
            col: 15,
        },
        SpannedToken {
            kind: Dot,
            line: 49,
            col: 22,
        },
        SpannedToken {
            kind: Identifier(
                "normal",
            ),
            line: 49,
            col: 23,
        },
        SpannedToken {
            kind: RBracket,
            line: 49,
            col: 29,
        },
        SpannedToken {
            kind: NewLine,
            line: 50,
            col: 1,
        },
        SpannedToken {
            kind: Identifier(
                "int1",
            ),
            line: 50,
            col: 1,
        },
        SpannedToken {
            kind: Equal,
            line: 50,
            col: 6,
        },
        SpannedToken {
            kind: Integer(
                247,
            ),
            line: 50,
            col: 8,
        },
        SpannedToken {
            kind: NewLine,
            line: 51,
            col: 1,
        },
        SpannedToken {
            kind: Identifier(
                "int2",
            ),
            line: 51,
            col: 1,
        },
        SpannedToken {
            kind: Equal,
            line: 51,
            col: 6,
        },
        SpannedToken {
            kind: Integer(
                -24074025,
            ),
            line: 51,
            col: 8,
        },
        SpannedToken {
            kind: NewLine,
            line: 52,
            col: 1,
        },
        SpannedToken {
            kind: Identifier(
                "int3",
            ),
            line: 52,
            col: 1,
        },
        SpannedToken {
            kind: Equal,
            line: 52,
            col: 6,
        },
        SpannedToken {
            kind: Integer(
                -24074025,
            ),
            line: 52,
            col: 8,
        },
        SpannedToken {
            kind: NewLine,
            line: 53,
            col: 1,
        },
        SpannedToken {
            kind: NewLine,
            line: 54,
            col: 1,
        },
        SpannedToken {
            kind: LBracket,
            line: 54,
            col: 1,
        },
        SpannedToken {
            kind: Identifier(
                "root",
            ),
            line: 54,
            col: 2,
        },
        SpannedToken {
            kind: Dot,
            line: 54,
            col: 6,
        },
        SpannedToken {
            kind: Identifier(
                "numbers",
            ),
            line: 54,
            col: 7,
        },
        SpannedToken {
            kind: Dot,
            line: 54,
            col: 14,
        },
        SpannedToken {
            kind: Identifier(
                "integer",
            ),
            line: 54,
            col: 15,
        },
        SpannedToken {
            kind: Dot,
            line: 54,
            col: 22,
        },
        SpannedToken {
            kind: Identifier(
                "base",
            ),
            line: 54,
            col: 23,
        },
        SpannedToken {
            kind: RBracket,
            line: 54,
            col: 27,
        },
        SpannedToken {
            kind: NewLine,
            line: 55,
            col: 1,
        },
        SpannedToken {
            kind: Identifier(
                "intb",
            ),
            line: 55,
            col: 1,
        },
        SpannedToken {
            kind: Equal,
            line: 55,
            col: 6,
        },
        SpannedToken {
            kind: Integer(
                2389,
            ),
            line: 55,
            col: 8,
        },
        SpannedToken {
            kind: NewLine,
            line: 56,
            col: 1,
        },
        SpannedToken {
            kind: Identifier(
                "into",
            ),
            line: 56,
            col: 1,
        },
        SpannedToken {
            kind: Equal,
            line: 56,
            col: 6,
        },
        SpannedToken {
            kind: Integer(
                41373341,
            ),
            line: 56,
            col: 8,
        },
        SpannedToken {
            kind: NewLine,
            line: 57,
            col: 1,
        },
        SpannedToken {
            kind: Identifier(
                "inth",
            ),
            line: 57,
            col: 1,
        },
        SpannedToken {
            kind: Equal,
            line: 57,
            col: 6,
        },
        SpannedToken {
            kind: Integer(
                55260367,
            ),
            line: 57,
            col: 8,
        },
        SpannedToken {
            kind: NewLine,
            line: 58,
            col: 1,
        },
        SpannedToken {
            kind: NewLine,
            line: 59,
            col: 1,
        },
        SpannedToken {
            kind: LBracket,
            line: 59,
            col: 1,
        },
        SpannedToken {
            kind: LBracket,
            line: 59,
            col: 2,
        },
        SpannedToken {
            kind: Identifier(
                "ArrayOfTables",
            ),
            line: 59,
            col: 3,
        },
        SpannedToken {
            kind: RBracket,
            line: 59,
            col: 16,
        },
        SpannedToken {
            kind: RBracket,
            line: 59,
            col: 17,
        },
        SpannedToken {
            kind: NewLine,
            line: 60,
            col: 1,
        },
        SpannedToken {
            kind: Identifier(
                "index",
            ),
            line: 60,
            col: 1,
        },
        SpannedToken {
            kind: Equal,
            line: 60,
            col: 6,
        },
        SpannedToken {
            kind: Integer(
                0,
            ),
            line: 60,
            col: 7,
        },
        SpannedToken {
            kind: NewLine,
            line: 61,
            col: 1,
        },
        SpannedToken {
            kind: LBracket,
            line: 61,
            col: 1,
        },
        SpannedToken {
            kind: LBracket,
            line: 61,
            col: 2,
        },
        SpannedToken {
            kind: Identifier(
                "ArrayOfTables",
            ),
            line: 61,
            col: 3,
        },
        SpannedToken {
            kind: RBracket,
            line: 61,
            col: 16,
        },
        SpannedToken {
            kind: RBracket,
            line: 61,
            col: 17,
        },
        SpannedToken {
            kind: NewLine,
            line: 62,
            col: 1,
        },
        SpannedToken {
            kind: Identifier(
                "index",
            ),
            line: 62,
            col: 1,
        },
        SpannedToken {
            kind: Equal,
            line: 62,
            col: 6,
        },
        SpannedToken {
            kind: Integer(
                1,
            ),
            line: 62,
            col: 7,
        },
        SpannedToken {
            kind: NewLine,
            line: 63,
            col: 1,
        },
    ],
)
